-- Regression: pljs must honor query cancellation / statement_timeout.
--
-- Previously _PG_init() installed its own signal(SIGINT/SIGTERM/SIGABRT)
-- handlers, clobbering PostgreSQL's own signal handling for the whole backend,
-- and the QuickJS interrupt handler only consulted pljs's private
-- os_pending_signals bitmask.  statement_timeout is delivered via SIGALRM ->
-- QueryCancelPending, which that bitmask never saw, so a runaway JS loop could
-- not be cancelled and the backend hung forever.  The interrupt handler now
-- reads QueryCancelPending/ProcDiePending directly, and each caller re-raises
-- the real error via CHECK_FOR_INTERRUPTS() once QuickJS has unwound to an
-- exception.  These tests must complete (with a cancel error) instead of
-- hanging.
CREATE EXTENSION IF NOT EXISTS pljs;
NOTICE:  extension "pljs" already exists, skipping
-- A runaway loop in an anonymous DO block (call_anonymous_function path) must
-- be cancelled by statement_timeout.
SET statement_timeout = '400ms';
DO $$ var x = 0; while (true) { x++; } $$ LANGUAGE pljs;
ERROR:  canceling statement due to statement timeout
RESET statement_timeout;
-- ... and in a regular function (call_function path).
CREATE FUNCTION spin() RETURNS int LANGUAGE pljs AS $$
  var x = 0;
  while (true) { x++; }
  return x;
$$;
SET statement_timeout = '400ms';
SELECT spin();
ERROR:  canceling statement due to statement timeout
RESET statement_timeout;
-- The backend survived both cancellations and is still usable.
SELECT 1 AS alive;
 alive 
-------
     1
(1 row)

-- A normal JS error must NOT be masked by the interrupt check (no cancel is
-- pending, so CHECK_FOR_INTERRUPTS() is a no-op and the real JS error surfaces).
DO $$
  try { throw new Error('plain error'); }
  catch (e) { pljs.elog(NOTICE, 'caught: ' + e.message); }
$$ LANGUAGE pljs;
NOTICE:  caught: plain error
DROP FUNCTION spin();
-- A try/catch around the runaway loop must NOT be able to swallow the
-- cancellation.  Without this the whole commit is, as the review put it, defeated
-- by four characters of user JS.
--
-- It holds because the vendored QuickJS marks the interrupt error uncatchable:
-- deps/quickjs/quickjs.c raises JS_ThrowInternalError(ctx, "interrupted") and then
-- calls JS_SetUncatchableError(ctx, ctx->rt->current_exception, TRUE), so
-- JS_CallInternal will not hand it to a catch block.  Checked in the vendored
-- source rather than assumed of QuickJS in general.
SET statement_timeout = '400ms';
DO $$
  try {
    var x = 0;
    while (true) { x++; }
  } catch (e) {
    // Must be unreachable: if the interrupt were catchable this would swallow it
    // and the DO block would return normally instead of being cancelled.
    pljs.elog(NOTICE, 'SWALLOWED THE CANCELLATION: ' + e.message);
  }
$$ LANGUAGE pljs;
ERROR:  canceling statement due to statement timeout
RESET statement_timeout;
-- The backend is still usable afterwards.
SELECT 1 AS alive_after_uncatchable;
 alive_after_uncatchable 
-------------------------
                       1
(1 row)

-- Same again with a finally block, which runs on the way out and must not be able
-- to restart the loop or suppress the error either.
SET statement_timeout = '400ms';
DO $$
  try {
    var x = 0;
    while (true) { x++; }
  } finally {
    pljs.elog(NOTICE, 'finally ran');
  }
$$ LANGUAGE pljs;
ERROR:  canceling statement due to statement timeout
RESET statement_timeout;
SELECT 1 AS alive_after_finally;
 alive_after_finally 
---------------------
                   1
(1 row)

