-- Out-of-range integers are rejected instead of wrapping silently.
--
-- QuickJS's JS_ToInt32/JS_ToInt64 wrap modulo the word size and JS_ToBigInt64
-- truncates to the low 64 bits, all without reporting anything, so a value the
-- target type cannot hold was silently stored as a *different* number:
--
--   int4    <- 2147483648            ->  -2147483648   (wrapped)
--   int2    <- 40000                 ->  -25536        (wrapped)
--   int4    <- 12345678901234567890n ->  -350287150    (truncated)
--   int8    <- 2n**70n               ->  0             (truncated)
--   int8    <- 1e30                  ->  5076964154930102272
--   int4    <- NaN / Infinity        ->  0
--
-- PostgreSQL raises "integer out of range" for the equivalent cast, and quietly
-- storing a different value is the worst outcome for a data pipeline, so the
-- range is now enforced.  Fractions still truncate toward zero, which is the
-- established JavaScript conversion behaviour; only the range is new.
CREATE EXTENSION IF NOT EXISTS pljs;
NOTICE:  extension "pljs" already exists, skipping
-- 1) numbers beyond the target range raise.
CREATE FUNCTION ior_i4_over() RETURNS int LANGUAGE pljs AS $$ return 2147483648; $$;
CREATE FUNCTION ior_i4_under() RETURNS int LANGUAGE pljs AS $$ return -2147483649; $$;
CREATE FUNCTION ior_i2_over() RETURNS smallint LANGUAGE pljs AS $$ return 40000; $$;
CREATE FUNCTION ior_i8_over() RETURNS bigint LANGUAGE pljs AS $$ return 1e30; $$;
SELECT ior_i4_over();
ERROR:  value is out of range for type integer
SELECT ior_i4_under();
ERROR:  value is out of range for type integer
SELECT ior_i2_over();
ERROR:  value is out of range for type smallint
SELECT ior_i8_over();
ERROR:  value is out of range for type bigint
-- 2) BigInts beyond the target range raise, including past int64 entirely.
CREATE FUNCTION ior_big_i4() RETURNS int LANGUAGE pljs AS $$ return 12345678901234567890n; $$;
CREATE FUNCTION ior_big_i8() RETURNS bigint LANGUAGE pljs AS $$ return 2n ** 70n; $$;
CREATE FUNCTION ior_big_i2() RETURNS smallint LANGUAGE pljs AS $$ return 40000n; $$;
SELECT ior_big_i4();
ERROR:  value is out of range for type integer
SELECT ior_big_i8();
ERROR:  value is out of range for type bigint
SELECT ior_big_i2();
ERROR:  value is out of range for type smallint
-- 3) NaN and Infinity are not integers and say so.
CREATE FUNCTION ior_nan() RETURNS int LANGUAGE pljs AS $$ return NaN; $$;
CREATE FUNCTION ior_inf() RETURNS int LANGUAGE pljs AS $$ return Infinity; $$;
CREATE FUNCTION ior_ninf() RETURNS bigint LANGUAGE pljs AS $$ return -Infinity; $$;
SELECT ior_nan();
ERROR:  cannot convert NaN to type integer
SELECT ior_inf();
ERROR:  cannot convert Infinity to type integer
SELECT ior_ninf();
ERROR:  cannot convert Infinity to type bigint
-- 4) the exact boundaries must still convert.
CREATE FUNCTION ior_i2_min() RETURNS smallint LANGUAGE pljs AS $$ return -32768; $$;
CREATE FUNCTION ior_i2_max() RETURNS smallint LANGUAGE pljs AS $$ return 32767; $$;
CREATE FUNCTION ior_i4_min() RETURNS int LANGUAGE pljs AS $$ return -2147483648; $$;
CREATE FUNCTION ior_i4_max() RETURNS int LANGUAGE pljs AS $$ return 2147483647; $$;
CREATE FUNCTION ior_i8_min() RETURNS bigint LANGUAGE pljs AS $$ return -9223372036854775808n; $$;
CREATE FUNCTION ior_i8_max() RETURNS bigint LANGUAGE pljs AS $$ return 9223372036854775807n; $$;
SELECT ior_i2_min(), ior_i2_max(), ior_i4_min(), ior_i4_max();
 ior_i2_min | ior_i2_max | ior_i4_min  | ior_i4_max 
------------+------------+-------------+------------
     -32768 |      32767 | -2147483648 | 2147483647
(1 row)

SELECT ior_i8_min(), ior_i8_max();
      ior_i8_min      |     ior_i8_max      
----------------------+---------------------
 -9223372036854775808 | 9223372036854775807
(1 row)

-- 2^53 as a plain number is representable and must be unaffected.
CREATE FUNCTION ior_p53() RETURNS bigint LANGUAGE pljs AS $$ return 9007199254740992; $$;
SELECT ior_p53();
     ior_p53      
------------------
 9007199254740992
(1 row)

-- 5) fractions keep truncating toward zero (unchanged behaviour).
CREATE FUNCTION ior_frac_pos() RETURNS int LANGUAGE pljs AS $$ return 1.7; $$;
CREATE FUNCTION ior_frac_neg() RETURNS int LANGUAGE pljs AS $$ return -1.7; $$;
SELECT ior_frac_pos(), ior_frac_neg();
 ior_frac_pos | ior_frac_neg 
--------------+--------------
            1 |           -1
(1 row)

-- and a fraction that truncates back into range is accepted.
CREATE FUNCTION ior_frac_edge() RETURNS smallint LANGUAGE pljs AS $$ return 32767.9; $$;
SELECT ior_frac_edge();
 ior_frac_edge 
---------------
         32767
(1 row)

-- 6) the same checks apply on the bind path (fcinfo = NULL).
DO $$
  const cases = [['int4', 2147483648], ['int2', 40000], ['int8', 1e30],
                 ['int4', NaN], ['int8', 2n ** 70n]];
  for (const [t, v] of cases) {
    try {
      pljs.execute('SELECT $1::' + t + ' AS v', [v]);
      pljs.elog(NOTICE, t + ' unexpectedly accepted an out-of-range value');
    } catch (e) {
      pljs.elog(NOTICE, t + ' rejected: ' + (e.message.indexOf('range') >= 0 ||
                                             e.message.indexOf('NaN') >= 0));
    }
  }
$$ LANGUAGE pljs;
NOTICE:  int4 rejected: true
NOTICE:  int2 rejected: true
NOTICE:  int8 rejected: true
NOTICE:  int4 rejected: true
NOTICE:  int8 rejected: true
-- 7) NULL is still NULL, not an out-of-range value.
CREATE FUNCTION ior_null() RETURNS int LANGUAGE pljs AS $$ return null; $$;
SELECT ior_null() IS NULL AS null_ok;
 null_ok 
---------
 t
(1 row)

DROP FUNCTION ior_i4_over, ior_i4_under, ior_i2_over, ior_i8_over, ior_big_i4,
  ior_big_i8, ior_big_i2, ior_nan, ior_inf, ior_ninf, ior_i2_min, ior_i2_max,
  ior_i4_min, ior_i4_max, ior_i8_min, ior_i8_max, ior_p53, ior_frac_pos,
  ior_frac_neg, ior_frac_edge, ior_null;
-- 8) A plain Number reaching int8 is exact only up to 2^53, so an in-range but
-- inexact value is rejected rather than silently altered.  Note the rounding
-- itself happens in JavaScript, before pljs sees the value: the literal
-- 9007199254740993 *is* 9007199254740992 by the time it arrives, which is why
-- the check is on magnitude rather than on a comparison with the original.
CREATE FUNCTION ior_i8_num(v float8) RETURNS bigint LANGUAGE pljs AS $$ return v; $$;
-- Exactly 2^53 is representable and accepted.
SELECT ior_i8_num(9007199254740992) AS at_2_53;
     at_2_53      
------------------
 9007199254740992
(1 row)

-- Past it, in range but not exactly representable: rejected with a hint.
SELECT ior_i8_num(9007199254740994);
ERROR:  value cannot be represented exactly as type bigint
DETAIL:  JavaScript numbers are IEEE-754 doubles and are exact only up to 2^53.
HINT:  Use a BigInt literal (e.g. 9007199254740993n) or a string.
SELECT ior_i8_num(1e17);
ERROR:  value cannot be represented exactly as type bigint
DETAIL:  JavaScript numbers are IEEE-754 doubles and are exact only up to 2^53.
HINT:  Use a BigInt literal (e.g. 9007199254740993n) or a string.
SELECT ior_i8_num(-1e17);
ERROR:  value cannot be represented exactly as type bigint
DETAIL:  JavaScript numbers are IEEE-754 doubles and are exact only up to 2^53.
HINT:  Use a BigInt literal (e.g. 9007199254740993n) or a string.
-- Beyond int64 entirely still reports the range, which is the more useful
-- message and what the bind path's callers match on.
SELECT ior_i8_num(1e30);
ERROR:  value is out of range for type bigint
-- BigInt and string remain the exact routes.
CREATE FUNCTION ior_i8_exact() RETURNS bigint LANGUAGE pljs AS $$ return 100000000000000001n; $$;
CREATE FUNCTION ior_i8_str() RETURNS bigint LANGUAGE pljs AS $$ return '100000000000000001'; $$;
SELECT ior_i8_exact() AS bigint_route;
    bigint_route    
--------------------
 100000000000000001
(1 row)

SELECT ior_i8_str() AS string_route;
    string_route    
--------------------
 100000000000000001
(1 row)

-- 9) float4 is narrower than the double we read, so a finite value too large to
-- represent raised nothing and silently became +-Infinity, where PostgreSQL's
-- own float8::float4 cast reports an overflow.
CREATE FUNCTION ior_f4(v float8) RETURNS real LANGUAGE pljs AS $$ return v; $$;
SELECT ior_f4(1e30) AS f4_in_range;
 f4_in_range 
-------------
       1e+30
(1 row)

SELECT ior_f4(1e300);
ERROR:  value out of range: overflow
DETAIL:  Value 1e+300 cannot be represented as type real.
SELECT ior_f4(-1e300);
ERROR:  value out of range: overflow
DETAIL:  Value -1e+300 cannot be represented as type real.
-- NaN and the infinities are representable in float4 and pass through.
SELECT ior_f4('NaN'::float8) AS f4_nan;
 f4_nan 
--------
    NaN
(1 row)

SELECT ior_f4('Infinity'::float8) AS f4_infinity;
 f4_infinity 
-------------
    Infinity
(1 row)

DROP FUNCTION ior_i8_num(float8);
DROP FUNCTION ior_i8_exact();
DROP FUNCTION ior_i8_str();
DROP FUNCTION ior_f4(float8);
