-- SQL NULL returned through the composite, record and fallback paths.
--
-- pljs_jsvalue_to_datum() reports a NULL result to Postgres via
-- fcinfo->isnull, because the scalar return path in pljs_call_function()
-- discards the `is_null` out-parameter it passes.  Three paths bypassed that
-- and set only the out-parameter (or dereferenced a NULL one), so Postgres
-- received (Datum) 0 with isnull still false and read it as a real value:
--
--   1. A composite return type dispatched to pljs_jsvalue_to_record() *before*
--      the null/undefined check, so `return null` from a composite-returning
--      function handed Postgres a NULL pointer as a tuple -> backend SIGSEGV.
--   2. The RECORDOID path passed is_null = NULL, and the null branch of
--      pljs_jsvalue_to_record() dereferenced it unconditionally -> SIGSEGV.
--   3. pljs_jsvalue_to_datum_fallback() (every type with no explicit case:
--      uuid, inet, interval, time, money, domains, enums, extension types)
--      honoured an explicit `{is_null: true}` only through the out-parameter,
--      so a by-reference type dereferenced (Datum) 0 -> SIGSEGV, and a
--      by-value type such as `time` silently returned a bogus 00:00:00.
--
-- Each case below therefore doubles as a crash regression: the backend
-- surviving with the correct NULL *is* the signal.
CREATE EXTENSION IF NOT EXISTS pljs;
NOTICE:  extension "pljs" already exists, skipping
CREATE TYPE nrp_composite AS (a int, b text);
CREATE DOMAIN nrp_domain AS text;
-- 1) composite return type: null and undefined must be SQL NULL, not a crash.
CREATE FUNCTION nrp_ct_null() RETURNS nrp_composite LANGUAGE pljs AS $$ return null; $$;
CREATE FUNCTION nrp_ct_undef() RETURNS nrp_composite LANGUAGE pljs AS $$ return undefined; $$;
CREATE FUNCTION nrp_ct_value() RETURNS nrp_composite LANGUAGE pljs AS $$ return {a: 1, b: 'x'}; $$;
SELECT nrp_ct_null() IS NULL AS ct_null_is_sqlnull,
       nrp_ct_undef() IS NULL AS ct_undef_is_sqlnull;
 ct_null_is_sqlnull | ct_undef_is_sqlnull 
--------------------+---------------------
 t                  | t
(1 row)

-- a real composite value must still round-trip.
SELECT (nrp_ct_value()).a AS a, (nrp_ct_value()).b AS b;
 a | b 
---+---
 1 | x
(1 row)

-- the NULL composite must be usable in an expression (this dereferenced the
-- bogus tuple pointer before the fix).
SELECT COALESCE((nrp_ct_null()).a, -1) AS coalesced;
 coalesced 
-----------
        -1
(1 row)

-- 2) RETURNS record: the code definition list path passes is_null = NULL.
CREATE FUNCTION nrp_rec_null() RETURNS record LANGUAGE pljs AS $$ return null; $$;
CREATE FUNCTION nrp_rec_undef() RETURNS record LANGUAGE pljs AS $$ return undefined; $$;
CREATE FUNCTION nrp_rec_value() RETURNS record LANGUAGE pljs AS $$ return {a: 7}; $$;
SELECT * FROM nrp_rec_null() AS t(a int);
 a 
---
  
(1 row)

SELECT * FROM nrp_rec_undef() AS t(a int);
 a 
---
  
(1 row)

SELECT * FROM nrp_rec_value() AS t(a int);
 a 
---
 7
(1 row)

-- 3) fallback path: explicit {is_null: true} on types with no explicit case.
-- by-reference types (these dereferenced (Datum) 0 before the fix).
CREATE FUNCTION nrp_uuid() RETURNS uuid LANGUAGE pljs AS $$ return {is_null: true}; $$;
CREATE FUNCTION nrp_inet() RETURNS inet LANGUAGE pljs AS $$ return {is_null: true}; $$;
CREATE FUNCTION nrp_interval() RETURNS interval LANGUAGE pljs AS $$ return {is_null: true}; $$;
CREATE FUNCTION nrp_domain_fn() RETURNS nrp_domain LANGUAGE pljs AS $$ return {is_null: true}; $$;
SELECT nrp_uuid() IS NULL AS uuid_null,
       nrp_inet() IS NULL AS inet_null,
       nrp_interval() IS NULL AS interval_null,
       nrp_domain_fn() IS NULL AS domain_null;
 uuid_null | inet_null | interval_null | domain_null 
-----------+-----------+---------------+-------------
 t         | t         | t             | t
(1 row)

-- materializing the value must not crash either.
SELECT nrp_uuid()::text AS uuid_text, nrp_interval()::text AS interval_text;
 uuid_text | interval_text 
-----------+---------------
           | 
(1 row)

-- by-value fallback type: `time` silently returned 00:00:00 instead of NULL.
CREATE FUNCTION nrp_time() RETURNS time LANGUAGE pljs AS $$ return {is_null: true}; $$;
SELECT nrp_time() IS NULL AS time_null, nrp_time()::text AS time_text;
 time_null | time_text 
-----------+-----------
 t         | 
(1 row)

-- a real fallback value must still convert (the explicit-null check must not
-- swallow ordinary values).
CREATE FUNCTION nrp_uuid_value() RETURNS uuid LANGUAGE pljs AS $$
  return '11111111-2222-3333-4444-555555555555';
$$;
SELECT nrp_uuid_value() AS uuid_value, nrp_uuid_value() IS NULL AS is_null;
              uuid_value              | is_null 
--------------------------------------+---------
 11111111-2222-3333-4444-555555555555 | f
(1 row)

-- 4) the fcinfo-less bind path must keep reporting NULL through is_null: these
-- go through pljs_execute_params() with fcinfo = NULL, so the fix must not
-- start dereferencing it.
DO $$
  const u = pljs.execute('SELECT $1::uuid AS v', [null])[0].v;
  const t = pljs.execute('SELECT $1::text AS v', [null])[0].v;
  pljs.elog(NOTICE, 'bind null uuid/text -> ' + (u === null) + ' ' + (t === null));
$$ LANGUAGE pljs;
NOTICE:  bind null uuid/text -> true true
-- 5) an array return type: null/undefined is SQL NULL like any other type (the
-- full matrix lives in pg_array_null_returns.sql), while a non-null value of
-- the wrong shape must still raise rather than silently becoming NULL.
CREATE FUNCTION nrp_arr_null() RETURNS int[] LANGUAGE pljs AS $$ return null; $$;
SELECT nrp_arr_null() IS NULL AS arr_null_is_sqlnull;
 arr_null_is_sqlnull 
---------------------
 t
(1 row)

CREATE FUNCTION nrp_arr_bad() RETURNS int[] LANGUAGE pljs AS $$ return 5; $$;
SELECT nrp_arr_bad();
ERROR:  cannot convert JavaScript value to integer[]
DETAIL:  An array type requires a JavaScript Array.
-- the backend is still alive and pljs still works after all of the above.
SELECT nrp_ct_value() IS NULL AS still_working;
 still_working 
---------------
 f
(1 row)

DROP FUNCTION nrp_ct_null, nrp_ct_undef, nrp_ct_value, nrp_rec_null,
  nrp_rec_undef, nrp_rec_value, nrp_uuid, nrp_inet, nrp_interval,
  nrp_domain_fn, nrp_time, nrp_uuid_value, nrp_arr_null, nrp_arr_bad;
DROP DOMAIN nrp_domain;
DROP TYPE nrp_composite;
-- The crash was reachable from `undefined` as well as `null`, so pin both rather
-- than assuming they share a path.  Requested on the PR 11 review.
CREATE FUNCTION nrp_record_undef() RETURNS record AS $$
  return undefined;
$$ LANGUAGE pljs;
-- A column definition list is required for RETURNS record (see the clearer error
-- added elsewhere in this series); with one, undefined must come back as a NULL
-- row rather than crashing.
SELECT (SELECT count(*) FROM nrp_record_undef() AS t(a int, b text)
         WHERE a IS NULL AND b IS NULL) AS record_undefined_null_rows;
 record_undefined_null_rows 
----------------------------
                          1
(1 row)

CREATE TYPE nrp_undef_pair AS (a int, b text);
CREATE FUNCTION nrp_comp_undef() RETURNS nrp_undef_pair AS $$
  return undefined;
$$ LANGUAGE pljs;
SELECT nrp_comp_undef() IS NULL AS composite_undefined_is_null;
 composite_undefined_is_null 
-----------------------------
 t
(1 row)

-- A composite SETOF whose rows include a NULL one: this is where PR 11's hoisted
-- null check and PR 13's return_next(null) meet, and the review asked for the
-- interaction to be pinned rather than inferred from the two changes separately.
CREATE FUNCTION nrp_setof_with_null_row() RETURNS SETOF nrp_undef_pair AS $$
  pljs.return_next({ a: 1, b: 'one' });
  pljs.return_next(null);
  pljs.return_next(undefined);
  pljs.return_next({ a: 2, b: 'two' });
$$ LANGUAGE pljs;
SELECT count(*) AS rows_total,
       count(*) FILTER (WHERE a IS NULL AND b IS NULL) AS all_null_rows,
       count(*) FILTER (WHERE a IS NOT NULL) AS real_rows
  FROM nrp_setof_with_null_row();
 rows_total | all_null_rows | real_rows 
------------+---------------+-----------
          4 |             2 |         2
(1 row)

DROP FUNCTION nrp_record_undef, nrp_comp_undef, nrp_setof_with_null_row;
DROP TYPE nrp_undef_pair;
