-- Coverage, NOT a discriminating regression test.  Review confirmed it passes
-- against the unfixed base, and that is expected rather than a defect in the test:
-- the symptom is a dangling SPI_tuptable pointer, so whether a plain SELECT
-- notices depends on what the allocator does with the freed chunk.  A test that
-- reliably crashes on the old code cannot be written at this level; catching it
-- deterministically needs ASan or --enable-cassert clobbering, which
-- tools/installcheck-asan.sh exists for.
--
-- What this file does buy: it exercises the execute/commit interleaving that the
-- fix is about, and it would catch a regression that made the path fail outright
-- rather than subtly.  Read the row counts below as a liveness assertion.
--
-- The fix it accompanies -- the missing SPI_freetuptable() in pljs_execute --
-- follows.
--
-- pljs_plan_execute() freed its SPI tuptable after converting results, but
-- pljs_execute() (backing pljs.execute()) did not. After a pljs.commit() resets
-- SPI's internal state, the next pljs.execute() could reuse / free the stale
-- SPI_tuptable -- memory the commit already released -- and operate on a
-- dangling pointer, crashing the backend with SIGSEGV. This procedure runs
-- result-returning executes interleaved with commits many times; with the fix
-- it completes and every batch sees the full 50 rows.
CREATE TABLE t_freetup (a int);
CREATE PROCEDURE p_freetup() LANGUAGE pljs AS $$
  for (let i = 0; i < 20; i++) {
    const rows = pljs.execute('SELECT g FROM generate_series(1,50) g');
    pljs.execute('INSERT INTO t_freetup (a) VALUES ($1)', [rows.length]);
    pljs.commit();
  }
$$;
CALL p_freetup();
SELECT count(*)::int AS n, min(a) AS mn, max(a) AS mx FROM t_freetup;
 n  | mn | mx 
----+----+----
 20 | 50 | 50
(1 row)

DROP PROCEDURE p_freetup;
DROP TABLE t_freetup;
