-- Regression: deep / unbounded JS recursion must raise a catchable
-- "stack overflow" error and leave the backend alive -- never crash it with a
-- C-stack SIGSEGV.
--
-- QuickJS only performs stack checks when built with CONFIG_STACK_CHECK, and
-- even then pljs previously relied on the vendored JS_DEFAULT_STACK_SIZE and
-- never set a limit explicitly.  pljs now sets an explicit QuickJS stack budget
-- (half of max_stack_depth, floored) in _PG_init, so pure-JS recursion trips
-- QuickJS's guard well before PostgreSQL's own C-stack limit and the kernel
-- stack limit are reached.
--
-- WHAT THIS FILE DOES AND DOES NOT DEMONSTRATE.  The review asked whether this
-- test lowers max_stack_depth, "or otherwise makes the bound observable --
-- otherwise the test passes either way and this commit has no regression
-- coverage".  It does not, and it cannot: the JS budget is derived from
-- max_stack_depth once, in _PG_init, so a SET here has no effect on the live
-- runtime.  (That is the same read-once behaviour the review notes separately as
-- an asymmetry with the pljs.memory_limit assign hook; the two observations
-- interact.)
--
-- At the 2048kB default the derived budget is 1MB, which is what
-- JS_DEFAULT_STACK_SIZE already is, so on default settings this file would pass
-- with or without the explicit JS_SetMaxStackSize() call.  What it does assert is
-- still worth having: that deep recursion raises a catchable error rather than
-- crashing the backend, in pure JS and across mutual JS<->SQL recursion.
--
-- Making the bound itself observable needs the backend started with a different
-- max_stack_depth -- PGOPTIONS='-c max_stack_depth=1024kB' -- which pg_regress
-- cannot express per file.  tools/pljs-memory-matrix.sh already starts a backend
-- with PGOPTIONS and is the place for it.
CREATE EXTENSION IF NOT EXISTS pljs;
NOTICE:  extension "pljs" already exists, skipping
-- Unbounded self-recursion in an anonymous block.  Use terse verbosity: the
-- InternalError stack trace carried in DETAIL is machine dependent (its length
-- depends on frame size), so it must not appear in the portable expected file.
\set VERBOSITY terse
DO $$ function r(n) { return r(n + 1); } r(0); $$ LANGUAGE pljs;
ERROR:  stack overflow
\set VERBOSITY default
-- The backend survived the overflow and is still usable.
SELECT 1 AS alive;
 alive 
-------
     1
(1 row)

-- The overflow surfaces as an ordinary, catchable JS error.
CREATE FUNCTION deep_recurse() RETURNS text LANGUAGE pljs AS $$
  function r(n) { return r(n + 1); }
  try { r(0); }
  catch (e) { return "caught: " + e.name + ": " + e.message; }
  return "no error";
$$;
SELECT deep_recurse();
             deep_recurse              
---------------------------------------
 caught: InternalError: stack overflow
(1 row)

-- Mutual JS<->SQL recursion is bounded as well: PostgreSQL's check_stack_depth
-- stops it and the error is caught and unwound at every level, so the top-level
-- call returns cleanly and the backend stays alive.
CREATE FUNCTION mutual() RETURNS text LANGUAGE pljs AS $$
  try { return pljs.execute("SELECT mutual()")[0].mutual; }
  catch (e) { return "depth-limited"; }
$$;
SELECT mutual();
    mutual     
---------------
 depth-limited
(1 row)

SELECT 1 AS alive_after_mutual;
 alive_after_mutual 
--------------------
                  1
(1 row)

DROP FUNCTION mutual();
DROP FUNCTION deep_recurse();
