-- Typed-array -> bytea conversion, including 32-bit widths and offset views.
--
-- Regression test for a heap-buffer overflow in the Uint32Array / Int32Array
-- -> bytea path in src/types.c: the copy loop iterated 4*length times while the
-- destination held only length uint32 slots, overwriting 3*length slots past
-- the end of the allocation. (The 8- and 16-bit paths already looped over
-- length correctly.) The fix bounds the 32-bit loop by length. This pins the
-- correct little-endian bytes for 8/16/32-bit views, an offset view
-- (new Uint32Array(ab, byteOffset, n)), and that cursor.fetch still works when
-- invoked through Function.prototype.apply.
CREATE FUNCTION ta_u8()  RETURNS bytea LANGUAGE pljs AS $$ return new Uint8Array([1, 2, 3, 255]); $$;
CREATE FUNCTION ta_u16() RETURNS bytea LANGUAGE pljs AS $$ return new Uint16Array([1, 258]); $$;
CREATE FUNCTION ta_u32() RETURNS bytea LANGUAGE pljs AS $$ return new Uint32Array([1, 2, 3]); $$;
CREATE FUNCTION ta_i32() RETURNS bytea LANGUAGE pljs AS $$ return new Int32Array([-1, 256]); $$;
CREATE FUNCTION ta_off() RETURNS bytea LANGUAGE pljs AS $$
  const ab = new ArrayBuffer(16);
  const full = new Uint32Array(ab);
  full[0] = 9; full[1] = 1; full[2] = 2; full[3] = 9;
  return new Uint32Array(ab, 4, 2);   // view over elements 1,2 only
$$;
SELECT ta_u8() AS u8, ta_u16() AS u16, ta_u32() AS u32, ta_i32() AS i32, ta_off() AS off;
     u8     |    u16     |            u32             |        i32         |        off         
------------+------------+----------------------------+--------------------+--------------------
 \x010203ff | \x01000201 | \x010000000200000003000000 | \xffffffff00010000 | \x0100000002000000
(1 row)

DO $$
  const cur = pljs.prepare('SELECT 42 AS x').cursor();
  const row = cur.fetch.apply(cur);
  pljs.elog(NOTICE, 'fetch.apply: ' + JSON.stringify(row));
  cur.close();
$$ LANGUAGE pljs;
NOTICE:  fetch.apply: {"x":42}
DROP FUNCTION ta_u8();
DROP FUNCTION ta_u16();
DROP FUNCTION ta_u32();
DROP FUNCTION ta_i32();
DROP FUNCTION ta_off();
-- Every typed-array type must convert, not just the widths that happened to have
-- a branch.
--
-- The per-width loops covered only Int8/Uint8, Int16/Uint16 and Int32/Uint32.
-- Uint8ClampedArray, Float32Array, Float64Array, BigInt64Array and
-- BigUint64Array matched nothing and fell through to "cannot convert JavaScript
-- value to bytea" -- and before unhandled values started raising, they silently
-- produced SQL NULL, which is why it went unnoticed.  The conversion now takes
-- the view's backing store, so every type works by construction.
CREATE FUNCTION tav_all(kind text) RETURNS bytea LANGUAGE pljs AS $$
  switch (kind) {
    case 'Int8':        return new Int8Array([1, 2]);
    case 'Uint8':       return new Uint8Array([1, 2]);
    case 'Uint8Clamped':return new Uint8ClampedArray([1, 2]);
    case 'Int16':       return new Int16Array([1, 2]);
    case 'Uint16':      return new Uint16Array([1, 2]);
    case 'Int32':       return new Int32Array([1, 2]);
    case 'Uint32':      return new Uint32Array([1, 2]);
    case 'Float32':     return new Float32Array([1, 2]);
    case 'Float64':     return new Float64Array([1, 2]);
    case 'BigInt64':    return new BigInt64Array([1n, 2n]);
    case 'BigUint64':   return new BigUint64Array([1n, 2n]);
  }
  throw new Error('unknown kind ' + kind);
$$;
SELECT kind, encode(tav_all(kind), 'hex') AS bytes
  FROM unnest(ARRAY['Int8','Uint8','Uint8Clamped','Int16','Uint16','Int32',
                    'Uint32','Float32','Float64','BigInt64','BigUint64']) AS kind;
     kind     |              bytes               
--------------+----------------------------------
 Int8         | 0102
 Uint8        | 0102
 Uint8Clamped | 0102
 Int16        | 01000200
 Uint16       | 01000200
 Int32        | 0100000002000000
 Uint32       | 0100000002000000
 Float32      | 0000803f00000040
 Float64      | 000000000000f03f0000000000000040
 BigInt64     | 01000000000000000200000000000000
 BigUint64    | 01000000000000000200000000000000
(11 rows)

-- Offset views of each width copy the view's own bytes, not the whole buffer:
-- byteOffset and byteLength come from the view, so this cannot regress into
-- reading from the start of the buffer.
CREATE FUNCTION tav_offset(kind text) RETURNS bytea LANGUAGE pljs AS $$
  const b = new Uint8Array([1,2,3,4,5,6,7,8,9,10,11,12,13,14,15,16]).buffer;
  switch (kind) {
    case 'Uint8':   return new Uint8Array(b, 4, 2);
    case 'Uint16':  return new Uint16Array(b, 4, 2);
    case 'Uint32':  return new Uint32Array(b, 4, 2);
    case 'Float64': return new Float64Array(b, 8, 1);
  }
  throw new Error('unknown kind ' + kind);
$$;
SELECT kind, encode(tav_offset(kind), 'hex') AS bytes
  FROM unnest(ARRAY['Uint8','Uint16','Uint32','Float64']) AS kind;
  kind   |      bytes       
---------+------------------
 Uint8   | 0506
 Uint16  | 05060708
 Uint32  | 05060708090a0b0c
 Float64 | 090a0b0c0d0e0f10
(4 rows)

-- A zero-length view is an empty bytea, not a NULL and not the whole buffer.
CREATE FUNCTION tav_empty() RETURNS bytea LANGUAGE pljs AS $$
  const b = new Uint8Array([1,2,3,4]).buffer;
  return new Uint8Array(b, 2, 0);
$$;
SELECT length(tav_empty()) AS empty_view_length, tav_empty() IS NULL AS is_null;
 empty_view_length | is_null 
-------------------+---------
                 0 | f
(1 row)

DROP FUNCTION tav_all(text);
DROP FUNCTION tav_offset(text);
DROP FUNCTION tav_empty();
-- On observability, since the review asked whether the original overrun needed ASan
-- or --enable-cassert to catch: it no longer needs either.  The per-width loops that
-- could write past their allocation are gone -- the conversion is a single memcpy of
-- exactly the view's byteLength -- so the overrun class is structurally impossible
-- rather than merely untriggered, and the assertions above are on values instead.
